// Jest Snapshot v1, https://goo.gl/fbAQLP

exports[`WinChart renders correctly with default data 1`] = `
<View
  accessibilityLabel="Win distribution pie chart"
  accessibilityRole="image"
  style={
    {
      "alignItems": "center",
      "alignSelf": "center",
      "flex": 1,
      "flexDirection": "column",
      "padding": 15,
      "width": "100%",
    }
  }
/>
`;

exports[`WinChart renders correctly with empty data 1`] = `
<View
  accessibilityLabel="Win distribution pie chart"
  accessibilityRole="image"
  style={
    {
      "alignItems": "center",
      "alignSelf": "center",
      "flex": 1,
      "flexDirection": "column",
      "padding": 15,
      "width": "100%",
    }
  }
/>
`;

exports[`WinChart renders correctly with zero values 1`] = `
<View
  accessibilityLabel="Win distribution pie chart"
  accessibilityRole="image"
  style={
    {
      "alignItems": "center",
      "alignSelf": "center",
      "flex": 1,
      "flexDirection": "column",
      "padding": 15,
      "width": "100%",
    }
  }
/>
`;
